// Jest Snapshot v1, https://goo.gl/fbAQLP

exports[`Navbar Testing renders correctly on start 1`] = `
<div>
  <div
    class="bg-dark"
  >
    <nav
      class="navbar navbar-dark navbar-expand bg-dark navigation-clean"
    >
      <a
        class="navbar-brand"
        href="#"
      >
        <i>
          PROgrammers
        </i>
      </a>
      <div
        class="container align-middle"
      >
        <input
          class="form-control"
          placeholder="Search..."
          type="text"
          value=""
        />
        <select
          class="custom-select"
        >
          <option
            value="Tweet"
          >
            Search by Tweet
          </option>
          <option
            value="Account"
          >
            Search by Account
          </option>
          <option
            value="Hashtag"
          >
            Search by Hashtag
          </option>
        </select>
        <button
          class="btn btn-primary mx-2"
          data-bss-hover-animate="pulse"
          type="button"
        >
          Search!
        </button>
      </div>
    </nav>
    <div>
      <div>
        <figure
          class="text-center"
        >
          <blockquote
            class="blockquote"
          />
        </figure>
      </div>
    </div>
  </div>
</div>
`;
